
> lykar@0.0.0 test:e2e:http
> node scripts/e2e-stack.mjs --smoke

The files belonging to this database system will be owned by user "igorjan".
This user must also own the server process.

The database cluster will be initialized with locale "C".
The default text search configuration will be set to "english".

Data page checksums are disabled.

fixing permissions on existing directory /var/folders/8s/bm2zf75s7t5c95ztfq7j19rw0000gn/T/lykar-e2e-txIjC6/postgres ... ok
creating subdirectories ... ok
selecting dynamic shared memory implementation ... posix
selecting default max_connections ... 100
selecting default shared_buffers ... 128MB
selecting default time zone ... Europe/Moscow
creating configuration files ... ok
running bootstrap script ... ok
performing post-bootstrap initialization ... ok
syncing data to disk ... ok

Success. You can now start the database server using:

    pg_ctl -D /var/folders/8s/bm2zf75s7t5c95ztfq7j19rw0000gn/T/lykar-e2e-txIjC6/postgres -l logfile start

waiting for server to start.... done
server started

> @lykar/admin@0.0.0 build
> npm run clean && esbuild src/main.tsx --bundle --format=esm --target=es2022 --outfile=dist/app.js && node scripts/copy-static.mjs


> @lykar/admin@0.0.0 clean
> node -e "require('node:fs').rmSync('dist', { recursive: true, force: true })"


  dist/app.js  83.4kb

⚡ Done in 6ms

> @lykar/sdk@0.0.0 prebuild
> npm run build --workspace @lykar/runtime && npm run build --workspace @lykar/editor-bridge


> @lykar/runtime@0.0.0 prebuild
> npm run build --workspace @lykar/protocol


> @lykar/protocol@0.0.0 build
> tsc -p tsconfig.json && esbuild src/index.ts --bundle --platform=node --format=cjs --outfile=dist/index.cjs


  dist/index.cjs  27.9kb

⚡ Done in 2ms

> @lykar/runtime@0.0.0 build
> npm run clean && npm run build:types && esbuild src/index.ts --bundle --platform=browser --format=esm --target=es2018 --sourcemap --outfile=dist/runtime.js && esbuild src/global.ts --bundle --platform=browser --format=iife --target=es2018 --minify --sourcemap --outfile=dist/runtime.iife.js


> @lykar/runtime@0.0.0 clean
> node -e "require('node:fs').rmSync('dist', { recursive: true, force: true })"


> @lykar/runtime@0.0.0 build:types
> tsc --emitDeclarationOnly -p tsconfig.json


  dist/runtime.js      142.5kb
  dist/runtime.js.map  255.1kb

⚡ Done in 4ms

  dist/runtime.iife.js       79.8kb
  dist/runtime.iife.js.map  264.9kb

⚡ Done in 5ms

> @lykar/editor-bridge@0.0.0 prebuild
> npm run build --workspace @lykar/protocol && npm run build --workspace @lykar/runtime && npm run build --workspace @lykar/editor-ui


> @lykar/protocol@0.0.0 build
> tsc -p tsconfig.json && esbuild src/index.ts --bundle --platform=node --format=cjs --outfile=dist/index.cjs


  dist/index.cjs  27.9kb

⚡ Done in 2ms

> @lykar/runtime@0.0.0 prebuild
> npm run build --workspace @lykar/protocol


> @lykar/protocol@0.0.0 build
> tsc -p tsconfig.json && esbuild src/index.ts --bundle --platform=node --format=cjs --outfile=dist/index.cjs


  dist/index.cjs  27.9kb

⚡ Done in 1ms

> @lykar/runtime@0.0.0 build
> npm run clean && npm run build:types && esbuild src/index.ts --bundle --platform=browser --format=esm --target=es2018 --sourcemap --outfile=dist/runtime.js && esbuild src/global.ts --bundle --platform=browser --format=iife --target=es2018 --minify --sourcemap --outfile=dist/runtime.iife.js


> @lykar/runtime@0.0.0 clean
> node -e "require('node:fs').rmSync('dist', { recursive: true, force: true })"


> @lykar/runtime@0.0.0 build:types
> tsc --emitDeclarationOnly -p tsconfig.json


  dist/runtime.js      142.5kb
  dist/runtime.js.map  255.1kb

⚡ Done in 4ms

  dist/runtime.iife.js       79.8kb
  dist/runtime.iife.js.map  264.9kb

⚡ Done in 5ms

> @lykar/editor-ui@0.0.0 build
> npm run clean && tsc -p tsconfig.json


> @lykar/editor-ui@0.0.0 clean
> node -e "require('node:fs').rmSync('dist', { recursive: true, force: true })"


> @lykar/editor-bridge@0.0.0 build
> npm run clean && npm run build:types && esbuild src/index.ts --bundle --platform=browser --format=esm --target=es2018 --sourcemap --outfile=dist/editor.js && esbuild src/global.ts --bundle --platform=browser --format=iife --target=es2018 --minify --sourcemap --outfile=dist/editor.iife.js


> @lykar/editor-bridge@0.0.0 clean
> node -e "require('node:fs').rmSync('dist', { recursive: true, force: true })"


> @lykar/editor-bridge@0.0.0 build:types
> tsc --emitDeclarationOnly -p tsconfig.json


  dist/editor.js      411.5kb
  dist/editor.js.map  774.3kb

⚡ Done in 12ms

  dist/editor.iife.js      270.0kb
  dist/editor.iife.js.map  792.2kb

⚡ Done in 13ms

> @lykar/sdk@0.0.0 build
> npm run clean && npm run build:types && rollup -c && node scripts/build-assets.mjs


> @lykar/sdk@0.0.0 clean
> node -e "require('node:fs').rmSync('dist',{recursive:true,force:true})"


> @lykar/sdk@0.0.0 build:types
> tsc --emitDeclarationOnly -p tsconfig.json


src/index.ts → dist/index.js...
created dist/index.js in 163ms

src/global.ts → dist/sdk.iife.js...
created dist/sdk.iife.js in 37ms

src/runtime-core-global.ts → dist/runtime-core.iife.js...
created dist/runtime-core.iife.js in 78ms

> lykar@0.0.0 db:migrate
> npm run migrate --workspace lykar-lib-server


> lykar-lib-server@1.0.0 migrate
> npm run build && node dist/db/migrate.js


> lykar-lib-server@1.0.0 prebuild
> npm run build --workspace @lykar/protocol


> @lykar/protocol@0.0.0 build
> tsc -p tsconfig.json && esbuild src/index.ts --bundle --platform=node --format=cjs --outfile=dist/index.cjs


  dist/index.cjs  27.9kb

⚡ Done in 1ms

> lykar-lib-server@1.0.0 build
> npm run clean && tsc


> lykar-lib-server@1.0.0 clean
> node -e "require('node:fs').rmSync('dist', { recursive: true, force: true })"

Applied migration 001_versioning_core.sql
Applied migration 002_page_auth_and_sharing.sql
Applied migration 003_project_members_and_invitations.sql
Applied migration 004_owner_invariant.sql
Applied migration 005_owner_invariant_trigger_fix.sql
Applied migration 006_experiments_and_source_snapshots.sql
Applied migration 007_analytics.sql
Applied migration 008_analytics_rollups.sql
Applied migration 009_draft_save_idempotency.sql
Applied migration 010_page_deployments.sql

> lykar-lib-server@1.0.0 pretest
> npm run build


> lykar-lib-server@1.0.0 prebuild
> npm run build --workspace @lykar/protocol


> @lykar/protocol@0.0.0 build
> tsc -p tsconfig.json && esbuild src/index.ts --bundle --platform=node --format=cjs --outfile=dist/index.cjs


  dist/index.cjs  27.9kb

⚡ Done in 2ms

> lykar-lib-server@1.0.0 build
> npm run clean && tsc


> lykar-lib-server@1.0.0 clean
> node -e "require('node:fs').rmSync('dist', { recursive: true, force: true })"


> lykar-lib-server@1.0.0 test
> node --test "dist/**/*.test.js"

TAP version 13
# Subtest: admin endpoints fail closed without a session cookie
ok 1 - admin endpoints fail closed without a session cookie
  ---
  duration_ms: 109.381916
  type: 'test'
  ...
# Subtest: development login is disabled unless the local development mode is enabled
ok 2 - development login is disabled unless the local development mode is enabled
  ---
  duration_ms: 32.4775
  type: 'test'
  ...
# Subtest: local development login creates a normal owner session
ok 3 - local development login creates a normal owner session
  ---
  duration_ms: 18.603125
  type: 'test'
  ...
# Subtest: development login refuses production and non-loopback origins
ok 4 - development login refuses production and non-loopback origins
  ---
  duration_ms: 0.349083
  type: 'test'
  ...
# Subtest: owner signs in through a one-use magic link and creates a project
ok 5 - owner signs in through a one-use magic link and creates a project
  ---
  duration_ms: 19.7575
  type: 'test'
  ...
# Subtest: explicit immutable versions require a page-scoped editor or share token
ok 6 - explicit immutable versions require a page-scoped editor or share token
  ---
  duration_ms: 15.651083
  type: 'test'
  ...
# Subtest: runtime without an explicit version or variant token leaves the native page untouched
ok 7 - runtime without an explicit version or variant token leaves the native page untouched
  ---
  duration_ms: 14.38225
  type: 'test'
  ...
# Subtest: invalid persisted operation is rejected before repository append
ok 8 - invalid persisted operation is rejected before repository append
  ---
  duration_ms: 16.094417
  type: 'test'
  ...
# Subtest: experiment selection hashes the browser ID and issues a scoped event capability
ok 9 - experiment selection hashes the browser ID and issues a scoped event capability
  ---
  duration_ms: 2.448125
  type: 'test'
  ...
# Subtest: analytics capability rejects tampering and event properties reject page data
ok 10 - analytics capability rejects tampering and event properties reject page data
  ---
  duration_ms: 0.521416
  type: 'test'
  ...
# Subtest: assignment bucket is deterministic and bounded
ok 11 - assignment bucket is deterministic and bounded
  ---
  duration_ms: 0.085917
  type: 'test'
  ...
# Subtest: deployment validation rejects invalid mutations before reaching the repository
ok 12 - deployment validation rejects invalid mutations before reaching the repository
  ---
  duration_ms: 1.05825
  type: 'test'
  ...
# Subtest: canonical retry hashes ignore reason whitespace and request identity but include every mutation field
ok 13 - canonical retry hashes ignore reason whitespace and request identity but include every mutation field
  ---
  duration_ms: 0.724375
  type: 'test'
  ...
# Subtest: state and bounded history validate identifiers and pass the cursor to the repository
ok 14 - state and bounded history validate identifiers and pass the cursor to the repository
  ---
  duration_ms: 0.460083
  type: 'test'
  ...
# Subtest: runtime resolution requires an explicit valid key, pathname and origin
ok 15 - runtime resolution requires an explicit valid key, pathname and origin
  ---
  duration_ms: 0.512542
  type: 'test'
  ...
# Subtest: experiment creation requires exactly A and B with at least one immutable release
ok 16 - experiment creation requires exactly A and B with at least one immutable release
  ---
  duration_ms: 2.090875
  type: 'test'
  ...
# Subtest: partial variant updates preserve omitted fields and retain explicit nulls
ok 17 - partial variant updates preserve omitted fields and retain explicit nulls
  ---
  duration_ms: 0.14075
  type: 'test'
  ...
# Subtest: variant URLs expose an opaque token while repositories receive only its hash
ok 18 - variant URLs expose an opaque token while repositories receive only its hash
  ---
  duration_ms: 0.523666
  type: 'test'
  ...
# Subtest: project roles map to the agreed permission boundaries
ok 19 - project roles map to the agreed permission boundaries
  ---
  duration_ms: 0.906
  type: 'test'
  ...
# Subtest: owner can only be assigned through ownership transfer
ok 20 - owner can only be assigned through ownership transfer
  ---
  duration_ms: 0.2885
  type: 'test'
  ...
# Subtest: createProject normalizes and deduplicates origins
ok 21 - createProject normalizes and deduplicates origins
  ---
  duration_ms: 0.99525
  type: 'test'
  ...
# Subtest: appendOperations validates protocol v1 before touching the repository
ok 22 - appendOperations validates protocol v1 before touching the repository
  ---
  duration_ms: 0.375625
  type: 'test'
  ...
# Subtest: appendOperations accepts the complete static-page operation set
ok 23 - appendOperations accepts the complete static-page operation set
  ---
  duration_ms: 7.460458
  type: 'test'
  ...
# Subtest: save payload hash is canonical and includes expected revision
ok 24 - save payload hash is canonical and includes expected revision
  ---
  duration_ms: 0.61175
  type: 'test'
  ...
# Subtest: 001..010 installs fresh and deployment history is immutable with same-page release references
ok 25 - 001..010 installs fresh and deployment history is immutable with same-page release references
  ---
  duration_ms: 85.649584
  type: 'test'
  ...
# Subtest: 010 upgrade preserves existing pages and releases without deploying them
ok 26 - 010 upgrade preserves existing pages and releases without deploying them
  ---
  duration_ms: 79.547125
  type: 'test'
  ...
# Subtest: a transactional 010 failure rolls back its table, unique constraint and migration ledger entry
ok 27 - a transactional 010 failure rolls back its table, unique constraint and migration ledger entry
  ---
  duration_ms: 87.676417
  type: 'test'
  ...
# Subtest: PostgreSQL deployments serialize activations and isolate public runtime resolution
ok 28 - PostgreSQL deployments serialize activations and isolate public runtime resolution
  ---
  duration_ms: 261.172667
  type: 'test'
  ...
# Subtest: PostgreSQL experiments expose only active A/B variant links and preserve the native default
ok 29 - PostgreSQL experiments expose only active A/B variant links and preserve the native default
  ---
  duration_ms: 218.539292
  type: 'test'
  ...
# Subtest: project invitations enforce roles, revoke editor capabilities, and transfer ownership
ok 30 - project invitations enforce roles, revoke editor capabilities, and transfer ownership
  ---
  duration_ms: 201.109625
  type: 'test'
  ...
# Subtest: PostgreSQL workflow freezes immutable versions without changing the native page
ok 31 - PostgreSQL workflow freezes immutable versions without changing the native page
  ---
  duration_ms: 198.739917
  type: 'test'
  ...
1..31
# tests 31
# suites 0
# pass 31
# fail 0
# cancelled 0
# skipped 0
# todo 0
# duration_ms 391.698292
Seeded pk_playground_local for http://127.0.0.1:62811
Lykar playground: http://127.0.0.1:62811
{"level":30,"time":1791060062947,"pid":70219,"hostname":"MacBook-Pro-Igorjan.local","msg":"Server listening at http://127.0.0.1:62810"}
{"level":30,"time":1791060062990,"pid":70219,"hostname":"MacBook-Pro-Igorjan.local","reqId":"req-1","req":{"method":"GET","url":"/api/health","host":"127.0.0.1:62810","remoteAddress":"127.0.0.1","remotePort":63176},"msg":"incoming request"}
{"level":30,"time":1791060062992,"pid":70219,"hostname":"MacBook-Pro-Igorjan.local","reqId":"req-1","res":{"statusCode":200},"responseTime":2.2182909999999936,"msg":"request completed"}
{"level":30,"time":1791060062993,"pid":70219,"hostname":"MacBook-Pro-Igorjan.local","reqId":"req-2","req":{"method":"GET","url":"/admin","host":"127.0.0.1:62810","remoteAddress":"127.0.0.1","remotePort":63177},"msg":"incoming request"}
{"level":30,"time":1791060062993,"pid":70219,"hostname":"MacBook-Pro-Igorjan.local","reqId":"req-3","req":{"method":"GET","url":"/admin/","host":"127.0.0.1:62810","remoteAddress":"127.0.0.1","remotePort":63178},"msg":"incoming request"}
{"level":30,"time":1791060062993,"pid":70219,"hostname":"MacBook-Pro-Igorjan.local","reqId":"req-4","req":{"method":"GET","url":"/admin/app.js","host":"127.0.0.1:62810","remoteAddress":"127.0.0.1","remotePort":63179},"msg":"incoming request"}
{"level":30,"time":1791060062993,"pid":70219,"hostname":"MacBook-Pro-Igorjan.local","reqId":"req-5","req":{"method":"GET","url":"/admin/styles.css","host":"127.0.0.1:62810","remoteAddress":"127.0.0.1","remotePort":63180},"msg":"incoming request"}
{"level":30,"time":1791060062994,"pid":70219,"hostname":"MacBook-Pro-Igorjan.local","reqId":"req-5","res":{"statusCode":200},"responseTime":0.7008340000000146,"msg":"request completed"}
{"level":30,"time":1791060062994,"pid":70219,"hostname":"MacBook-Pro-Igorjan.local","reqId":"req-4","res":{"statusCode":200},"responseTime":1.0522080000000074,"msg":"request completed"}
{"level":30,"time":1791060062995,"pid":70219,"hostname":"MacBook-Pro-Igorjan.local","reqId":"req-2","res":{"statusCode":200},"responseTime":1.9653330000000153,"msg":"request completed"}
{"level":30,"time":1791060062995,"pid":70219,"hostname":"MacBook-Pro-Igorjan.local","reqId":"req-3","res":{"statusCode":200},"responseTime":1.8426670000000058,"msg":"request completed"}
{"level":30,"time":1791060063011,"pid":70219,"hostname":"MacBook-Pro-Igorjan.local","reqId":"req-6","req":{"method":"POST","url":"/api/auth/dev-login","host":"127.0.0.1:62810","remoteAddress":"127.0.0.1","remotePort":63176},"msg":"incoming request"}
{"level":30,"time":1791060063019,"pid":70219,"hostname":"MacBook-Pro-Igorjan.local","reqId":"req-6","res":{"statusCode":200},"responseTime":7.614083000000022,"msg":"request completed"}
{"level":30,"time":1791060063026,"pid":70219,"hostname":"MacBook-Pro-Igorjan.local","reqId":"req-7","req":{"method":"GET","url":"/api/admin/projects","host":"127.0.0.1:62810","remoteAddress":"127.0.0.1","remotePort":63176},"msg":"incoming request"}
{"level":30,"time":1791060063029,"pid":70219,"hostname":"MacBook-Pro-Igorjan.local","reqId":"req-7","res":{"statusCode":200},"responseTime":2.4744170000000167,"msg":"request completed"}
{"level":30,"time":1791060063030,"pid":70219,"hostname":"MacBook-Pro-Igorjan.local","reqId":"req-8","req":{"method":"GET","url":"/api/admin/projects/20000000-0000-4000-8000-000000000001/pages","host":"127.0.0.1:62810","remoteAddress":"127.0.0.1","remotePort":63177},"msg":"incoming request"}
{"level":30,"time":1791060063032,"pid":70219,"hostname":"MacBook-Pro-Igorjan.local","reqId":"req-8","res":{"statusCode":200},"responseTime":1.4701670000000036,"msg":"request completed"}
{"level":30,"time":1791060063034,"pid":70219,"hostname":"MacBook-Pro-Igorjan.local","reqId":"req-9","req":{"method":"GET","url":"/api/admin/pages/30000000-0000-4000-8000-000000000001/drafts","host":"127.0.0.1:62810","remoteAddress":"127.0.0.1","remotePort":63176},"msg":"incoming request"}
{"level":30,"time":1791060063037,"pid":70219,"hostname":"MacBook-Pro-Igorjan.local","reqId":"req-9","res":{"statusCode":200},"responseTime":2.3689999999999998,"msg":"request completed"}
{"level":30,"time":1791060063039,"pid":70219,"hostname":"MacBook-Pro-Igorjan.local","reqId":"req-a","req":{"method":"POST","url":"/api/admin/pages/30000000-0000-4000-8000-000000000001/editor-launch","host":"127.0.0.1:62810","remoteAddress":"127.0.0.1","remotePort":63177},"msg":"incoming request"}
{"level":30,"time":1791060063041,"pid":70219,"hostname":"MacBook-Pro-Igorjan.local","reqId":"req-a","res":{"statusCode":201},"responseTime":2.667332999999985,"msg":"request completed"}
{"level":30,"time":1791060063043,"pid":70219,"hostname":"MacBook-Pro-Igorjan.local","reqId":"req-b","req":{"method":"POST","url":"/api/editor/exchange","host":"127.0.0.1:62810","remoteAddress":"127.0.0.1","remotePort":63176},"msg":"incoming request"}
{"level":30,"time":1791060063045,"pid":70219,"hostname":"MacBook-Pro-Igorjan.local","reqId":"req-b","res":{"statusCode":200},"responseTime":2.132249999999999,"msg":"request completed"}
{"level":30,"time":1791060063048,"pid":70219,"hostname":"MacBook-Pro-Igorjan.local","reqId":"req-c","req":{"method":"POST","url":"/api/editor/drafts/40000000-0000-4000-8000-000000000001/operations","host":"127.0.0.1:62810","remoteAddress":"127.0.0.1","remotePort":63177},"msg":"incoming request"}
{"level":30,"time":1791060063057,"pid":70219,"hostname":"MacBook-Pro-Igorjan.local","reqId":"req-c","res":{"statusCode":200},"responseTime":8.682208000000003,"msg":"request completed"}
{"level":30,"time":1791060063058,"pid":70219,"hostname":"MacBook-Pro-Igorjan.local","reqId":"req-d","req":{"method":"POST","url":"/api/admin/drafts/40000000-0000-4000-8000-000000000001/publish","host":"127.0.0.1:62810","remoteAddress":"127.0.0.1","remotePort":63176},"msg":"incoming request"}
{"level":30,"time":1791060063061,"pid":70219,"hostname":"MacBook-Pro-Igorjan.local","reqId":"req-d","res":{"statusCode":201},"responseTime":2.2492090000000076,"msg":"request completed"}
{"level":30,"time":1791060063070,"pid":70219,"hostname":"MacBook-Pro-Igorjan.local","reqId":"req-i","req":{"method":"POST","url":"/api/admin/pages/30000000-0000-4000-8000-000000000001/experiments","host":"127.0.0.1:62810","remoteAddress":"127.0.0.1","remotePort":63177},"msg":"incoming request"}
{"level":30,"time":1791060063074,"pid":70219,"hostname":"MacBook-Pro-Igorjan.local","reqId":"req-i","res":{"statusCode":201},"responseTime":4.029541999999992,"msg":"request completed"}
{"level":30,"time":1791060063076,"pid":70219,"hostname":"MacBook-Pro-Igorjan.local","reqId":"req-j","req":{"method":"POST","url":"/api/admin/experiments/2e988ead-c9df-48c5-aa86-1676ccb91c26/activate","host":"127.0.0.1:62810","remoteAddress":"127.0.0.1","remotePort":63176},"msg":"incoming request"}
{"level":30,"time":1791060063079,"pid":70219,"hostname":"MacBook-Pro-Igorjan.local","reqId":"req-j","res":{"statusCode":200},"responseTime":2.5719999999999743,"msg":"request completed"}
{"level":30,"time":1791060063081,"pid":70219,"hostname":"MacBook-Pro-Igorjan.local","reqId":"req-k","req":{"method":"POST","url":"/api/admin/experiments/2e988ead-c9df-48c5-aa86-1676ccb91c26/variants/A/links","host":"127.0.0.1:62810","remoteAddress":"127.0.0.1","remotePort":63177},"msg":"incoming request"}
{"level":30,"time":1791060063082,"pid":70219,"hostname":"MacBook-Pro-Igorjan.local","reqId":"req-k","res":{"statusCode":201},"responseTime":1.8025419999999883,"msg":"request completed"}
{"level":30,"time":1791060063084,"pid":70219,"hostname":"MacBook-Pro-Igorjan.local","reqId":"req-l","req":{"method":"POST","url":"/api/admin/experiments/2e988ead-c9df-48c5-aa86-1676ccb91c26/variants/B/links","host":"127.0.0.1:62810","remoteAddress":"127.0.0.1","remotePort":63176},"msg":"incoming request"}
{"level":30,"time":1791060063086,"pid":70219,"hostname":"MacBook-Pro-Igorjan.local","reqId":"req-l","res":{"statusCode":201},"responseTime":1.576250000000016,"msg":"request completed"}
{"level":30,"time":1791060063092,"pid":70219,"hostname":"MacBook-Pro-Igorjan.local","reqId":"req-o","req":{"method":"DELETE","url":"/api/admin/variant-links/1c8c01bd-3304-4fbd-8d4a-a230b704c8c1","host":"127.0.0.1:62810","remoteAddress":"127.0.0.1","remotePort":63177},"msg":"incoming request"}
{"level":30,"time":1791060063093,"pid":70219,"hostname":"MacBook-Pro-Igorjan.local","reqId":"req-o","res":{"statusCode":204},"responseTime":1.0149170000000254,"msg":"request completed"}
{"level":30,"time":1791060063097,"pid":70219,"hostname":"MacBook-Pro-Igorjan.local","reqId":"req-q","req":{"method":"POST","url":"/api/admin/experiments/2e988ead-c9df-48c5-aa86-1676ccb91c26/variants/B/links","host":"127.0.0.1:62810","remoteAddress":"127.0.0.1","remotePort":63177},"msg":"incoming request"}
{"level":30,"time":1791060063098,"pid":70219,"hostname":"MacBook-Pro-Igorjan.local","reqId":"req-q","res":{"statusCode":201},"responseTime":1.5443329999999946,"msg":"request completed"}
{"level":30,"time":1791060063100,"pid":70219,"hostname":"MacBook-Pro-Igorjan.local","reqId":"req-r","req":{"method":"POST","url":"/api/admin/experiments/2e988ead-c9df-48c5-aa86-1676ccb91c26/links","host":"127.0.0.1:62810","remoteAddress":"127.0.0.1","remotePort":63176},"msg":"incoming request"}
{"level":30,"time":1791060063102,"pid":70219,"hostname":"MacBook-Pro-Igorjan.local","reqId":"req-r","res":{"statusCode":201},"responseTime":1.7552499999999895,"msg":"request completed"}
{"level":30,"time":1791060063116,"pid":70219,"hostname":"MacBook-Pro-Igorjan.local","reqId":"req-w","req":{"method":"GET","url":"/api/admin/experiments/2e988ead-c9df-48c5-aa86-1676ccb91c26/analytics","host":"127.0.0.1:62810","remoteAddress":"127.0.0.1","remotePort":63177},"msg":"incoming request"}
{"level":30,"time":1791060063117,"pid":70219,"hostname":"MacBook-Pro-Igorjan.local","reqId":"req-w","res":{"statusCode":200},"responseTime":0.9991660000000024,"msg":"request completed"}
{"level":30,"time":1791060063119,"pid":70219,"hostname":"MacBook-Pro-Igorjan.local","reqId":"req-x","req":{"method":"DELETE","url":"/api/admin/experiment-links/ba49baba-500b-4989-bab4-5021e37fa3f8","host":"127.0.0.1:62810","remoteAddress":"127.0.0.1","remotePort":63176},"msg":"incoming request"}
{"level":30,"time":1791060063119,"pid":70219,"hostname":"MacBook-Pro-Igorjan.local","reqId":"req-x","res":{"statusCode":204},"responseTime":0.7428750000000264,"msg":"request completed"}
{"level":30,"time":1791060063123,"pid":70219,"hostname":"MacBook-Pro-Igorjan.local","reqId":"req-z","req":{"method":"POST","url":"/api/admin/pages/30000000-0000-4000-8000-000000000001/shares","host":"127.0.0.1:62810","remoteAddress":"127.0.0.1","remotePort":63176},"msg":"incoming request"}
{"level":30,"time":1791060063124,"pid":70219,"hostname":"MacBook-Pro-Igorjan.local","reqId":"req-z","res":{"statusCode":201},"responseTime":1.240542000000005,"msg":"request completed"}
{"level":30,"time":1791060063126,"pid":70219,"hostname":"MacBook-Pro-Igorjan.local","reqId":"req-10","req":{"method":"GET","url":"/share/[redacted]","host":"127.0.0.1:62810","remoteAddress":"127.0.0.1","remotePort":63177},"msg":"incoming request"}
{"level":30,"time":1791060063127,"pid":70219,"hostname":"MacBook-Pro-Igorjan.local","reqId":"req-10","res":{"statusCode":302},"responseTime":1.0528340000000185,"msg":"request completed"}
{"level":30,"time":1791060063129,"pid":70219,"hostname":"MacBook-Pro-Igorjan.local","reqId":"req-11","req":{"method":"POST","url":"/api/share/exchange","host":"127.0.0.1:62810","remoteAddress":"127.0.0.1","remotePort":63176},"msg":"incoming request"}
{"level":30,"time":1791060063130,"pid":70219,"hostname":"MacBook-Pro-Igorjan.local","reqId":"req-11","res":{"statusCode":200},"responseTime":1.8103330000000142,"msg":"request completed"}
{"level":30,"time":1791060063134,"pid":70219,"hostname":"MacBook-Pro-Igorjan.local","reqId":"req-13","req":{"method":"POST","url":"/api/admin/experiments/2e988ead-c9df-48c5-aa86-1676ccb91c26/complete","host":"127.0.0.1:62810","remoteAddress":"127.0.0.1","remotePort":63176},"msg":"incoming request"}
{"level":30,"time":1791060063136,"pid":70219,"hostname":"MacBook-Pro-Igorjan.local","reqId":"req-13","res":{"statusCode":200},"responseTime":1.9634590000000003,"msg":"request completed"}
{"level":30,"time":1791060063138,"pid":70219,"hostname":"MacBook-Pro-Igorjan.local","reqId":"req-14","req":{"method":"GET","url":"/api/admin/pages/30000000-0000-4000-8000-000000000001/experiments","host":"127.0.0.1:62810","remoteAddress":"127.0.0.1","remotePort":63177},"msg":"incoming request"}
{"level":30,"time":1791060063139,"pid":70219,"hostname":"MacBook-Pro-Igorjan.local","reqId":"req-14","res":{"statusCode":200},"responseTime":1.359958000000006,"msg":"request completed"}

Lykar E2E smoke passed: version 1, release 27390dee-085d-4c14-8f6a-effa55e0a7ff
waiting for server to shut down.... done
server stopped
