
> lykar@0.0.0 build
> npm run build --workspaces --if-present


> @lykar/admin@0.0.0 build
> npm run clean && esbuild src/main.tsx --bundle --format=esm --target=es2022 --outfile=dist/app.js && node scripts/copy-static.mjs


> @lykar/admin@0.0.0 clean
> node -e "require('node:fs').rmSync('dist', { recursive: true, force: true })"


  dist/app.js  83.4kb

⚡ Done in 15ms

> lykar-lib-server@1.0.0 prebuild
> npm run build --workspace @lykar/protocol


> @lykar/protocol@0.0.0 build
> tsc -p tsconfig.json && esbuild src/index.ts --bundle --platform=node --format=cjs --outfile=dist/index.cjs


  dist/index.cjs  27.9kb

⚡ Done in 2ms

> lykar-lib-server@1.0.0 build
> npm run clean && tsc


> lykar-lib-server@1.0.0 clean
> node -e "require('node:fs').rmSync('dist', { recursive: true, force: true })"


> @lykar/playground@0.0.0 build
> npm run build --workspace @lykar/sdk


> @lykar/sdk@0.0.0 prebuild
> npm run build --workspace @lykar/runtime && npm run build --workspace @lykar/editor-bridge


> @lykar/runtime@0.0.0 prebuild
> npm run build --workspace @lykar/protocol


> @lykar/protocol@0.0.0 build
> tsc -p tsconfig.json && esbuild src/index.ts --bundle --platform=node --format=cjs --outfile=dist/index.cjs


  dist/index.cjs  27.9kb

⚡ Done in 2ms

> @lykar/runtime@0.0.0 build
> npm run clean && npm run build:types && esbuild src/index.ts --bundle --platform=browser --format=esm --target=es2018 --sourcemap --outfile=dist/runtime.js && esbuild src/global.ts --bundle --platform=browser --format=iife --target=es2018 --minify --sourcemap --outfile=dist/runtime.iife.js


> @lykar/runtime@0.0.0 clean
> node -e "require('node:fs').rmSync('dist', { recursive: true, force: true })"


> @lykar/runtime@0.0.0 build:types
> tsc --emitDeclarationOnly -p tsconfig.json


  dist/runtime.js      142.5kb
  dist/runtime.js.map  255.1kb

⚡ Done in 5ms

  dist/runtime.iife.js       79.8kb
  dist/runtime.iife.js.map  264.9kb

⚡ Done in 5ms

> @lykar/editor-bridge@0.0.0 prebuild
> npm run build --workspace @lykar/protocol && npm run build --workspace @lykar/runtime && npm run build --workspace @lykar/editor-ui


> @lykar/protocol@0.0.0 build
> tsc -p tsconfig.json && esbuild src/index.ts --bundle --platform=node --format=cjs --outfile=dist/index.cjs


  dist/index.cjs  27.9kb

⚡ Done in 2ms

> @lykar/runtime@0.0.0 prebuild
> npm run build --workspace @lykar/protocol


> @lykar/protocol@0.0.0 build
> tsc -p tsconfig.json && esbuild src/index.ts --bundle --platform=node --format=cjs --outfile=dist/index.cjs


  dist/index.cjs  27.9kb

⚡ Done in 2ms

> @lykar/runtime@0.0.0 build
> npm run clean && npm run build:types && esbuild src/index.ts --bundle --platform=browser --format=esm --target=es2018 --sourcemap --outfile=dist/runtime.js && esbuild src/global.ts --bundle --platform=browser --format=iife --target=es2018 --minify --sourcemap --outfile=dist/runtime.iife.js


> @lykar/runtime@0.0.0 clean
> node -e "require('node:fs').rmSync('dist', { recursive: true, force: true })"


> @lykar/runtime@0.0.0 build:types
> tsc --emitDeclarationOnly -p tsconfig.json


  dist/runtime.js      142.5kb
  dist/runtime.js.map  255.1kb

⚡ Done in 4ms

  dist/runtime.iife.js       79.8kb
  dist/runtime.iife.js.map  264.9kb

⚡ Done in 5ms

> @lykar/editor-ui@0.0.0 build
> npm run clean && tsc -p tsconfig.json


> @lykar/editor-ui@0.0.0 clean
> node -e "require('node:fs').rmSync('dist', { recursive: true, force: true })"


> @lykar/editor-bridge@0.0.0 build
> npm run clean && npm run build:types && esbuild src/index.ts --bundle --platform=browser --format=esm --target=es2018 --sourcemap --outfile=dist/editor.js && esbuild src/global.ts --bundle --platform=browser --format=iife --target=es2018 --minify --sourcemap --outfile=dist/editor.iife.js


> @lykar/editor-bridge@0.0.0 clean
> node -e "require('node:fs').rmSync('dist', { recursive: true, force: true })"


> @lykar/editor-bridge@0.0.0 build:types
> tsc --emitDeclarationOnly -p tsconfig.json


  dist/editor.js      411.5kb
  dist/editor.js.map  774.3kb

⚡ Done in 13ms

  dist/editor.iife.js      270.0kb
  dist/editor.iife.js.map  792.2kb

⚡ Done in 14ms

> @lykar/sdk@0.0.0 build
> npm run clean && npm run build:types && rollup -c && node scripts/build-assets.mjs


> @lykar/sdk@0.0.0 clean
> node -e "require('node:fs').rmSync('dist',{recursive:true,force:true})"


> @lykar/sdk@0.0.0 build:types
> tsc --emitDeclarationOnly -p tsconfig.json


src/index.ts → dist/index.js...
created dist/index.js in 159ms

src/global.ts → dist/sdk.iife.js...
created dist/sdk.iife.js in 38ms

src/runtime-core-global.ts → dist/runtime-core.iife.js...
created dist/runtime-core.iife.js in 72ms

> @lykar/editor-bridge@0.0.0 prebuild
> npm run build --workspace @lykar/protocol && npm run build --workspace @lykar/runtime && npm run build --workspace @lykar/editor-ui


> @lykar/protocol@0.0.0 build
> tsc -p tsconfig.json && esbuild src/index.ts --bundle --platform=node --format=cjs --outfile=dist/index.cjs


  dist/index.cjs  27.9kb

⚡ Done in 2ms

> @lykar/runtime@0.0.0 prebuild
> npm run build --workspace @lykar/protocol


> @lykar/protocol@0.0.0 build
> tsc -p tsconfig.json && esbuild src/index.ts --bundle --platform=node --format=cjs --outfile=dist/index.cjs


  dist/index.cjs  27.9kb

⚡ Done in 2ms

> @lykar/runtime@0.0.0 build
> npm run clean && npm run build:types && esbuild src/index.ts --bundle --platform=browser --format=esm --target=es2018 --sourcemap --outfile=dist/runtime.js && esbuild src/global.ts --bundle --platform=browser --format=iife --target=es2018 --minify --sourcemap --outfile=dist/runtime.iife.js


> @lykar/runtime@0.0.0 clean
> node -e "require('node:fs').rmSync('dist', { recursive: true, force: true })"


> @lykar/runtime@0.0.0 build:types
> tsc --emitDeclarationOnly -p tsconfig.json


  dist/runtime.js      142.5kb
  dist/runtime.js.map  255.1kb

⚡ Done in 5ms

  dist/runtime.iife.js       79.8kb
  dist/runtime.iife.js.map  264.9kb

⚡ Done in 5ms

> @lykar/editor-ui@0.0.0 build
> npm run clean && tsc -p tsconfig.json


> @lykar/editor-ui@0.0.0 clean
> node -e "require('node:fs').rmSync('dist', { recursive: true, force: true })"


> @lykar/editor-bridge@0.0.0 build
> npm run clean && npm run build:types && esbuild src/index.ts --bundle --platform=browser --format=esm --target=es2018 --sourcemap --outfile=dist/editor.js && esbuild src/global.ts --bundle --platform=browser --format=iife --target=es2018 --minify --sourcemap --outfile=dist/editor.iife.js


> @lykar/editor-bridge@0.0.0 clean
> node -e "require('node:fs').rmSync('dist', { recursive: true, force: true })"


> @lykar/editor-bridge@0.0.0 build:types
> tsc --emitDeclarationOnly -p tsconfig.json


  dist/editor.js      411.5kb
  dist/editor.js.map  774.3kb

⚡ Done in 13ms

  dist/editor.iife.js      270.0kb
  dist/editor.iife.js.map  792.2kb

⚡ Done in 14ms

> @lykar/editor-ui@0.0.0 build
> npm run clean && tsc -p tsconfig.json


> @lykar/editor-ui@0.0.0 clean
> node -e "require('node:fs').rmSync('dist', { recursive: true, force: true })"


> lykar-lib@1.0.0 build
> npm run build:types && rollup -c --environment NODE_ENV:production


> lykar-lib@1.0.0 build:types
> tsc --emitDeclarationOnly --outDir dist/types


src/index.tsx → dist/editor.umd.js, dist/editor.esm.js...
created dist/editor.umd.js, dist/editor.esm.js in 242ms

> @lykar/protocol@0.0.0 build
> tsc -p tsconfig.json && esbuild src/index.ts --bundle --platform=node --format=cjs --outfile=dist/index.cjs


  dist/index.cjs  27.9kb

⚡ Done in 2ms

> @lykar/runtime@0.0.0 prebuild
> npm run build --workspace @lykar/protocol


> @lykar/protocol@0.0.0 build
> tsc -p tsconfig.json && esbuild src/index.ts --bundle --platform=node --format=cjs --outfile=dist/index.cjs


  dist/index.cjs  27.9kb

⚡ Done in 2ms

> @lykar/runtime@0.0.0 build
> npm run clean && npm run build:types && esbuild src/index.ts --bundle --platform=browser --format=esm --target=es2018 --sourcemap --outfile=dist/runtime.js && esbuild src/global.ts --bundle --platform=browser --format=iife --target=es2018 --minify --sourcemap --outfile=dist/runtime.iife.js


> @lykar/runtime@0.0.0 clean
> node -e "require('node:fs').rmSync('dist', { recursive: true, force: true })"


> @lykar/runtime@0.0.0 build:types
> tsc --emitDeclarationOnly -p tsconfig.json


  dist/runtime.js      142.5kb
  dist/runtime.js.map  255.1kb

⚡ Done in 4ms

  dist/runtime.iife.js       79.8kb
  dist/runtime.iife.js.map  264.9kb

⚡ Done in 4ms

> @lykar/sdk@0.0.0 prebuild
> npm run build --workspace @lykar/runtime && npm run build --workspace @lykar/editor-bridge


> @lykar/runtime@0.0.0 prebuild
> npm run build --workspace @lykar/protocol


> @lykar/protocol@0.0.0 build
> tsc -p tsconfig.json && esbuild src/index.ts --bundle --platform=node --format=cjs --outfile=dist/index.cjs


  dist/index.cjs  27.9kb

⚡ Done in 2ms

> @lykar/runtime@0.0.0 build
> npm run clean && npm run build:types && esbuild src/index.ts --bundle --platform=browser --format=esm --target=es2018 --sourcemap --outfile=dist/runtime.js && esbuild src/global.ts --bundle --platform=browser --format=iife --target=es2018 --minify --sourcemap --outfile=dist/runtime.iife.js


> @lykar/runtime@0.0.0 clean
> node -e "require('node:fs').rmSync('dist', { recursive: true, force: true })"


> @lykar/runtime@0.0.0 build:types
> tsc --emitDeclarationOnly -p tsconfig.json


  dist/runtime.js      142.5kb
  dist/runtime.js.map  255.1kb

⚡ Done in 4ms

  dist/runtime.iife.js       79.8kb
  dist/runtime.iife.js.map  264.9kb

⚡ Done in 5ms

> @lykar/editor-bridge@0.0.0 prebuild
> npm run build --workspace @lykar/protocol && npm run build --workspace @lykar/runtime && npm run build --workspace @lykar/editor-ui


> @lykar/protocol@0.0.0 build
> tsc -p tsconfig.json && esbuild src/index.ts --bundle --platform=node --format=cjs --outfile=dist/index.cjs


  dist/index.cjs  27.9kb

⚡ Done in 2ms

> @lykar/runtime@0.0.0 prebuild
> npm run build --workspace @lykar/protocol


> @lykar/protocol@0.0.0 build
> tsc -p tsconfig.json && esbuild src/index.ts --bundle --platform=node --format=cjs --outfile=dist/index.cjs


  dist/index.cjs  27.9kb

⚡ Done in 2ms

> @lykar/runtime@0.0.0 build
> npm run clean && npm run build:types && esbuild src/index.ts --bundle --platform=browser --format=esm --target=es2018 --sourcemap --outfile=dist/runtime.js && esbuild src/global.ts --bundle --platform=browser --format=iife --target=es2018 --minify --sourcemap --outfile=dist/runtime.iife.js


> @lykar/runtime@0.0.0 clean
> node -e "require('node:fs').rmSync('dist', { recursive: true, force: true })"


> @lykar/runtime@0.0.0 build:types
> tsc --emitDeclarationOnly -p tsconfig.json


  dist/runtime.js      142.5kb
  dist/runtime.js.map  255.1kb

⚡ Done in 5ms

  dist/runtime.iife.js       79.8kb
  dist/runtime.iife.js.map  264.9kb

⚡ Done in 5ms

> @lykar/editor-ui@0.0.0 build
> npm run clean && tsc -p tsconfig.json


> @lykar/editor-ui@0.0.0 clean
> node -e "require('node:fs').rmSync('dist', { recursive: true, force: true })"


> @lykar/editor-bridge@0.0.0 build
> npm run clean && npm run build:types && esbuild src/index.ts --bundle --platform=browser --format=esm --target=es2018 --sourcemap --outfile=dist/editor.js && esbuild src/global.ts --bundle --platform=browser --format=iife --target=es2018 --minify --sourcemap --outfile=dist/editor.iife.js


> @lykar/editor-bridge@0.0.0 clean
> node -e "require('node:fs').rmSync('dist', { recursive: true, force: true })"


> @lykar/editor-bridge@0.0.0 build:types
> tsc --emitDeclarationOnly -p tsconfig.json


  dist/editor.js      411.5kb
  dist/editor.js.map  774.3kb

⚡ Done in 15ms

  dist/editor.iife.js      270.0kb
  dist/editor.iife.js.map  792.2kb

⚡ Done in 17ms

> @lykar/sdk@0.0.0 build
> npm run clean && npm run build:types && rollup -c && node scripts/build-assets.mjs


> @lykar/sdk@0.0.0 clean
> node -e "require('node:fs').rmSync('dist',{recursive:true,force:true})"


> @lykar/sdk@0.0.0 build:types
> tsc --emitDeclarationOnly -p tsconfig.json


src/index.ts → dist/index.js...
created dist/index.js in 178ms

src/global.ts → dist/sdk.iife.js...
created dist/sdk.iife.js in 40ms

src/runtime-core-global.ts → dist/runtime-core.iife.js...
created dist/runtime-core.iife.js in 82ms
